# serializer version: 1
# name: test_observed_wire_shape_matches_snapshot
  dict({
    'ApplicationStart': 'str',
    'AutoFocusRun.AutoFocuserName': 'str',
    'AutoFocusRun.BacklashCompensation.BacklashCompensationModel': 'str',
    'AutoFocusRun.BacklashCompensation.BacklashIN': 'int',
    'AutoFocusRun.BacklashCompensation.BacklashOUT': 'int',
    'AutoFocusRun.CalculatedFocusPoint.Error': 'int',
    'AutoFocusRun.CalculatedFocusPoint.Position': 'int',
    'AutoFocusRun.CalculatedFocusPoint.Value': 'float',
    'AutoFocusRun.Duration': 'str',
    'AutoFocusRun.Filter': 'str',
    'AutoFocusRun.Fitting': 'str',
    'AutoFocusRun.Fittings.Gaussian': 'str',
    'AutoFocusRun.Fittings.Hyperbolic': 'str',
    'AutoFocusRun.Fittings.LeftTrend': 'str',
    'AutoFocusRun.Fittings.Quadratic': 'str',
    'AutoFocusRun.Fittings.RightTrend': 'str',
    'AutoFocusRun.InitialFocusPoint.Error': 'int',
    'AutoFocusRun.InitialFocusPoint.Position': 'int',
    'AutoFocusRun.InitialFocusPoint.Value': 'float',
    'AutoFocusRun.Intersections.QuadraticMinimum.Error': 'int',
    'AutoFocusRun.Intersections.QuadraticMinimum.Position': 'int',
    'AutoFocusRun.Intersections.QuadraticMinimum.Value': 'float',
    'AutoFocusRun.Intersections.TrendLineIntersection.Error': 'int',
    'AutoFocusRun.Intersections.TrendLineIntersection.Position': 'int',
    'AutoFocusRun.Intersections.TrendLineIntersection.Value': 'float',
    'AutoFocusRun.MeasurePoints': 'list',
    'AutoFocusRun.MeasurePoints.Error': 'float',
    'AutoFocusRun.MeasurePoints.Position': 'int',
    'AutoFocusRun.MeasurePoints.Value': 'float',
    'AutoFocusRun.Method': 'str',
    'AutoFocusRun.PreviousFocusPoint.Error': 'int',
    'AutoFocusRun.PreviousFocusPoint.Position': 'int',
    'AutoFocusRun.PreviousFocusPoint.Value': 'float',
    'AutoFocusRun.RSquares.Hyperbolic': 'nan',
    'AutoFocusRun.RSquares.LeftTrend': 'float',
    'AutoFocusRun.RSquares.Quadratic': 'float',
    'AutoFocusRun.RSquares.RightTrend': 'float',
    'AutoFocusRun.StarDetectorName': 'str',
    'AutoFocusRun.Temperature': 'float',
    'AutoFocusRun.Timestamp': 'str',
    'AutoFocusRun.Version': 'int',
    'Camera.AtTargetTemp': 'bool',
    'Camera.Battery': 'int',
    'Camera.BayerOffsetX': 'int',
    'Camera.BayerOffsetY': 'int',
    'Camera.BinX': 'int',
    'Camera.BinY': 'int',
    'Camera.BinningModes': 'list',
    'Camera.BinningModes.Name': 'str',
    'Camera.BinningModes.X': 'int',
    'Camera.BinningModes.Y': 'int',
    'Camera.BitDepth': 'int',
    'Camera.CameraState': 'str',
    'Camera.CanGetGain': 'bool',
    'Camera.CanSetGain': 'bool',
    'Camera.CanSetOffset': 'bool',
    'Camera.CanSetTemperature': 'bool',
    'Camera.CanSetUSBLimit': 'bool',
    'Camera.CanShowLiveView': 'bool',
    'Camera.CanSubSample': 'bool',
    'Camera.Connected': 'bool',
    'Camera.CoolerOn': 'bool',
    'Camera.CoolerPower': 'int',
    'Camera.DefaultGain': 'int',
    'Camera.DefaultOffset': 'int',
    'Camera.DeviceId': 'str',
    'Camera.DewHeaterOn': 'bool',
    'Camera.DisplayName': 'str',
    'Camera.ElectronsPerADU': 'float',
    'Camera.ExposureEndTime': 'str',
    'Camera.ExposureMax': 'int',
    'Camera.ExposureMin': 'float',
    'Camera.Gain': 'int',
    'Camera.GainMax': 'int',
    'Camera.GainMin': 'int',
    'Camera.Gains': 'list',
    'Camera.HasBattery': 'bool',
    'Camera.HasDewHeater': 'bool',
    'Camera.HasShutter': 'bool',
    'Camera.IsExposing': 'bool',
    'Camera.IsSubSampleEnabled': 'bool',
    'Camera.LastDownloadTime': 'float|int',
    'Camera.LiveViewEnabled': 'bool',
    'Camera.Name': 'str',
    'Camera.Offset': 'int',
    'Camera.OffsetMax': 'int',
    'Camera.OffsetMin': 'int',
    'Camera.PixelSize': 'float',
    'Camera.ReadoutMode': 'int',
    'Camera.ReadoutModeForNormalImages': 'int',
    'Camera.ReadoutModeForSnapImages': 'int',
    'Camera.ReadoutModes': 'list',
    'Camera.ReadoutModes[]': 'str',
    'Camera.SensorType': 'str',
    'Camera.SubSampleHeight': 'int',
    'Camera.SubSampleWidth': 'int',
    'Camera.SubSampleX': 'int',
    'Camera.SubSampleY': 'int',
    'Camera.SupportedActions': 'list',
    'Camera.TargetTemp': 'int',
    'Camera.Temperature': 'float|int',
    'Camera.TemperatureSetPoint': 'int',
    'Camera.USBLimit': 'int',
    'Camera.USBLimitMax': 'int',
    'Camera.USBLimitMin': 'int',
    'Camera.XSize': 'int',
    'Camera.YSize': 'int',
    'Dome.Altitude': 'nan',
    'Dome.AltitudeDMS': 'str',
    'Dome.ApplicationFollowing': 'bool',
    'Dome.AtHome': 'bool',
    'Dome.AtPark': 'bool',
    'Dome.Azimuth': 'nan',
    'Dome.AzimuthDMS': 'str',
    'Dome.CanFindHome': 'bool',
    'Dome.CanPark': 'bool',
    'Dome.CanSetAzimuth': 'bool',
    'Dome.CanSetPark': 'bool',
    'Dome.CanSetShutter': 'bool',
    'Dome.CanSyncAzimuth': 'bool',
    'Dome.Connected': 'bool',
    'Dome.DriverCanFollow': 'bool',
    'Dome.DriverFollowing': 'bool',
    'Dome.FollowingType': 'str',
    'Dome.IsFollowing': 'bool',
    'Dome.IsSynchronized': 'bool',
    'Dome.ShutterStatus': 'str',
    'Dome.Slewing': 'bool',
    'Dome.SupportedActions': 'list',
    'Event': 'list|str',
    'Event.Coordinates.Dec': 'list',
    'Event.Coordinates.DecString': 'list',
    'Event.Coordinates.Epoch': 'list',
    'Event.Coordinates.RA': 'list',
    'Event.Coordinates.RADegrees': 'list',
    'Event.Coordinates.RAString': 'list',
    'Event.Filter': 'str',
    'Event.From': 'float',
    'Event.HFR': 'float',
    'Event.IsMonochrome': 'bool',
    'Event.IsSafe': 'bool',
    'Event.New': 'int',
    'Event.New.Id': 'list',
    'Event.New.Name': 'list',
    'Event.Position': 'int',
    'Event.Previous': 'int',
    'Event.Previous.Id': 'list',
    'Event.Previous.Name': 'list',
    'Event.ProjectName': 'str',
    'Event.Rotation': 'int',
    'Event.StackCount': 'int',
    'Event.Status': 'str',
    'Event.Target': 'str',
    'Event.TargetEndTime': 'str',
    'Event.TargetName': 'str',
    'Event.Time': 'str',
    'Event.To': 'float',
    'Event.WaitEndTime': 'str',
    'FilterWheel.AvailableFilters': 'list',
    'FilterWheel.AvailableFilters.Id': 'int',
    'FilterWheel.AvailableFilters.Name': 'str',
    'FilterWheel.Connected': 'bool',
    'FilterWheel.Description': 'str',
    'FilterWheel.DeviceId': 'str',
    'FilterWheel.DisplayName': 'str',
    'FilterWheel.DriverInfo': 'str',
    'FilterWheel.DriverVersion': 'str',
    'FilterWheel.IsMoving': 'bool',
    'FilterWheel.Name': 'str',
    'FilterWheel.SelectedFilter.Id': 'int',
    'FilterWheel.SelectedFilter.Name': 'str',
    'FilterWheel.SupportedActions': 'list',
    'FlatDevice.Brightness': 'int',
    'FlatDevice.Connected': 'bool',
    'FlatDevice.CoverState': 'str',
    'FlatDevice.Description': 'str',
    'FlatDevice.DeviceId': 'str',
    'FlatDevice.DisplayName': 'str',
    'FlatDevice.DriverInfo': 'str',
    'FlatDevice.DriverVersion': 'str',
    'FlatDevice.LightOn': 'bool',
    'FlatDevice.LocalizedCoverState': 'str',
    'FlatDevice.LocalizedLightOnState': 'str',
    'FlatDevice.MaxBrightness': 'int',
    'FlatDevice.MinBrightness': 'int',
    'FlatDevice.Name': 'str',
    'FlatDevice.SupportedActions': 'list',
    'FlatDevice.SupportsOnOff': 'bool',
    'FlatDevice.SupportsOpenClose': 'bool',
    'FlatsStatus.CompletedIterations': 'int',
    'FlatsStatus.State': 'str',
    'FlatsStatus.TotalIterations': 'int',
    'Focuser.Connected': 'bool',
    'Focuser.Description': 'str',
    'Focuser.DeviceId': 'str',
    'Focuser.DisplayName': 'str',
    'Focuser.DriverInfo': 'str',
    'Focuser.DriverVersion': 'str',
    'Focuser.IsMoving': 'bool',
    'Focuser.IsSettling': 'bool',
    'Focuser.Name': 'str',
    'Focuser.Position': 'int',
    'Focuser.StepSize': 'int',
    'Focuser.SupportedActions': 'list',
    'Focuser.TempComp': 'bool',
    'Focuser.TempCompAvailable': 'bool',
    'Focuser.Temperature': 'float|nan',
    'Guider.CanClearCalibration': 'bool',
    'Guider.CanGetLockPosition': 'bool',
    'Guider.CanSetShiftRate': 'bool',
    'Guider.Connected': 'bool',
    'Guider.Description': 'str',
    'Guider.DeviceId': 'str',
    'Guider.DisplayName': 'str',
    'Guider.DriverInfo': 'str',
    'Guider.DriverVersion': 'str',
    'Guider.LastGuideStep.DECDistanceRaw': 'float',
    'Guider.LastGuideStep.DECDuration': 'int',
    'Guider.LastGuideStep.RADistanceRaw': 'float',
    'Guider.LastGuideStep.RADuration': 'int',
    'Guider.Name': 'str',
    'Guider.PixelScale': 'float|int',
    'Guider.RMSError.Dec.Arcseconds': 'float',
    'Guider.RMSError.Dec.Pixel': 'float',
    'Guider.RMSError.PeakDec.Arcseconds': 'float',
    'Guider.RMSError.PeakDec.Pixel': 'float',
    'Guider.RMSError.PeakRA.Arcseconds': 'float',
    'Guider.RMSError.PeakRA.Pixel': 'float',
    'Guider.RMSError.RA.Arcseconds': 'float',
    'Guider.RMSError.RA.Pixel': 'float',
    'Guider.RMSError.Total.Arcseconds': 'float',
    'Guider.RMSError.Total.Pixel': 'float',
    'Guider.State': 'str',
    'Guider.SupportedActions': 'list',
    'ImageStatistics': 'int|list|str',
    'ImageStatistics.CameraName': 'str',
    'ImageStatistics.Date': 'str',
    'ImageStatistics.ExposureTime': 'float|int',
    'ImageStatistics.Filename': 'str',
    'ImageStatistics.Filter': 'str',
    'ImageStatistics.FocalLength': 'float|int',
    'ImageStatistics.Gain': 'int',
    'ImageStatistics.HFR': 'float|int',
    'ImageStatistics.HFRStDev': 'float|nan',
    'ImageStatistics.ImageType': 'str',
    'ImageStatistics.IsBayered': 'bool',
    'ImageStatistics.Max': 'float|int',
    'ImageStatistics.Mean': 'float',
    'ImageStatistics.Median': 'float|int',
    'ImageStatistics.Min': 'float|int',
    'ImageStatistics.Offset': 'int',
    'ImageStatistics.RmsText': 'str',
    'ImageStatistics.StDev': 'float',
    'ImageStatistics.Stars': 'int',
    'ImageStatistics.TargetName': 'str',
    'ImageStatistics.TelescopeName': 'str',
    'ImageStatistics.Temperature': 'float|int',
    'LivestackStatus': 'str',
    'Mount.AlignmentMode': 'str',
    'Mount.Altitude': 'float|nan',
    'Mount.AltitudeString': 'str',
    'Mount.AtHome': 'bool',
    'Mount.AtPark': 'bool',
    'Mount.Azimuth': 'float|int|nan',
    'Mount.AzimuthString': 'str',
    'Mount.CanFindHome': 'bool',
    'Mount.CanMovePrimaryAxis': 'bool',
    'Mount.CanMoveSecondaryAxis': 'bool',
    'Mount.CanPark': 'bool',
    'Mount.CanPulseGuide': 'bool',
    'Mount.CanSetDeclinationRate': 'bool',
    'Mount.CanSetPark': 'bool',
    'Mount.CanSetPierSide': 'bool',
    'Mount.CanSetRightAscensionRate': 'bool',
    'Mount.CanSetTrackingEnabled': 'bool',
    'Mount.CanSlew': 'bool',
    'Mount.CanSlewAltAz': 'bool',
    'Mount.Connected': 'bool',
    'Mount.Coordinates.DateTime.Now': 'str',
    'Mount.Coordinates.DateTime.UtcNow': 'str',
    'Mount.Coordinates.Dec': 'float|int',
    'Mount.Coordinates.DecString': 'str',
    'Mount.Coordinates.Epoch': 'str',
    'Mount.Coordinates.RA': 'float',
    'Mount.Coordinates.RADegrees': 'float',
    'Mount.Coordinates.RAString': 'str',
    'Mount.Declination': 'float|int',
    'Mount.DeclinationString': 'str',
    'Mount.DeviceId': 'str',
    'Mount.DisplayName': 'str',
    'Mount.EquatorialSystem': 'str',
    'Mount.GuideRateDeclinationArcsecPerSec': 'float|int',
    'Mount.GuideRateRightAscensionArcsecPerSec': 'float|int',
    'Mount.HasUnknownEpoch': 'bool',
    'Mount.HoursToMeridianString': 'str',
    'Mount.IsPulseGuiding': 'bool',
    'Mount.Name': 'str',
    'Mount.PrimaryAxisRates': 'dict|list',
    'Mount.RightAscension': 'float|int',
    'Mount.RightAscensionString': 'str',
    'Mount.SecondaryAxisRates': 'dict|list',
    'Mount.SideOfPier': 'str',
    'Mount.SiderealTime': 'float|int',
    'Mount.SiderealTimeString': 'str',
    'Mount.SiteElevation': 'int',
    'Mount.SiteLatitude': 'float|int',
    'Mount.SiteLongitude': 'float|int',
    'Mount.Slewing': 'bool',
    'Mount.SupportedActions': 'list',
    'Mount.SupportedActions[]': 'str',
    'Mount.TimeToMeridianFlip': 'float|int',
    'Mount.TimeToMeridianFlipString': 'str',
    'Mount.TrackingEnabled': 'bool',
    'Mount.TrackingMode': 'str',
    'Mount.TrackingModes': 'list',
    'Mount.TrackingModes[]': 'str',
    'Mount.TrackingRate': 'dict',
    'Mount.UTCDate': 'str',
    'Profile.CameraSettings.PixelSize': 'float',
    'Profile.FocuserSettings.AutoFocusTimeoutSeconds': 'int',
    'Profile.FocuserSettings.RSquaredThreshold': 'float',
    'Profile.MeridianFlipSettings.AutoFocusAfterFlip': 'bool',
    'Profile.MeridianFlipSettings.MaxMinutesAfterMeridian': 'int',
    'Profile.MeridianFlipSettings.MinutesAfterMeridian': 'int',
    'Profile.MeridianFlipSettings.PauseTimeBeforeMeridian': 'int',
    'Profile.MeridianFlipSettings.Recenter': 'bool',
    'Profile.MeridianFlipSettings.RotateImageAfterFlip': 'bool',
    'Profile.MeridianFlipSettings.SettleTime': 'int',
    'Profile.MeridianFlipSettings.UseSideOfPier': 'bool',
    'Profile.TelescopeSettings.FocalLength': 'int',
    'Rotator.CanReverse': 'bool',
    'Rotator.Connected': 'bool',
    'Rotator.Description': 'str',
    'Rotator.DeviceId': 'str',
    'Rotator.DisplayName': 'str',
    'Rotator.DriverInfo': 'str',
    'Rotator.DriverVersion': 'str',
    'Rotator.IsMoving': 'bool',
    'Rotator.MechanicalPosition': 'float|int',
    'Rotator.Name': 'str',
    'Rotator.Position': 'float|int',
    'Rotator.Reverse': 'bool',
    'Rotator.StepSize': 'int',
    'Rotator.SupportedActions': 'list',
    'Rotator.Synced': 'bool',
    'SafetyMonitor.Connected': 'bool',
    'SafetyMonitor.Description': 'str',
    'SafetyMonitor.DeviceId': 'str',
    'SafetyMonitor.DisplayName': 'str',
    'SafetyMonitor.DriverInfo': 'str',
    'SafetyMonitor.DriverVersion': 'str',
    'SafetyMonitor.IsSafe': 'bool',
    'SafetyMonitor.Name': 'str',
    'SafetyMonitor.SupportedActions': 'list',
    'Sequence': 'list|str',
    'Sequence.Conditions': 'list',
    'Sequence.GlobalTriggers': 'list',
    'Sequence.GlobalTriggers.Name': 'str',
    'Sequence.GlobalTriggers.Status': 'str',
    'Sequence.Items': 'list',
    'Sequence.Items.CalculatedWaitDuration': 'str',
    'Sequence.Items.Conditions': 'list',
    'Sequence.Items.Conditions.Name': 'str',
    'Sequence.Items.Conditions.RemainingTime': 'str',
    'Sequence.Items.Conditions.Status': 'str',
    'Sequence.Items.Conditions.TargetTime': 'str',
    'Sequence.Items.Delay': 'int',
    'Sequence.Items.DewHeaterOn': 'bool',
    'Sequence.Items.Index': 'int',
    'Sequence.Items.MinWarmingTime': 'int',
    'Sequence.Items.Name': 'str',
    'Sequence.Items.Status': 'str',
    'Sequence.Items.TargetTime': 'str',
    'Sequence.Items.Text': 'str',
    'Sequence.Items.TrackingMode': 'str',
    'Sequence.Items.Triggers': 'list',
    'Sequence.Items.Triggers.Coordinates.DateTime.Now': 'str',
    'Sequence.Items.Triggers.Coordinates.DateTime.UtcNow': 'str',
    'Sequence.Items.Triggers.Coordinates.Dec': 'float',
    'Sequence.Items.Triggers.Coordinates.DecDegrees': 'int',
    'Sequence.Items.Triggers.Coordinates.DecMinutes': 'int',
    'Sequence.Items.Triggers.Coordinates.DecSeconds': 'int',
    'Sequence.Items.Triggers.Coordinates.DecString': 'str',
    'Sequence.Items.Triggers.Coordinates.Epoch': 'str',
    'Sequence.Items.Triggers.Coordinates.NegativeDec': 'bool',
    'Sequence.Items.Triggers.Coordinates.RA': 'float',
    'Sequence.Items.Triggers.Coordinates.RADegrees': 'float',
    'Sequence.Items.Triggers.Coordinates.RAHours': 'int',
    'Sequence.Items.Triggers.Coordinates.RAMinutes': 'int',
    'Sequence.Items.Triggers.Coordinates.RASeconds': 'float',
    'Sequence.Items.Triggers.Coordinates.RAString': 'str',
    'Sequence.Items.Triggers.DeltaHFR': 'int',
    'Sequence.Items.Triggers.DeltaTemperature': 'float',
    'Sequence.Items.Triggers.DeltaTime': 'int',
    'Sequence.Items.Triggers.Drift': 'float',
    'Sequence.Items.Triggers.ElapsedTime': 'float',
    'Sequence.Items.Triggers.HFRTrendPercentage': 'float',
    'Sequence.Items.Triggers.Name': 'str',
    'Sequence.Items.Triggers.OriginalHFR': 'float',
    'Sequence.Items.Triggers.SampleSize': 'int',
    'Sequence.Items.Triggers.Status': 'str',
    'Sequence.Items.Triggers.TargetDrift': 'int',
    'Sequence.Items.Triggers.TargetTemperature': 'int',
    'Sequence.Items.Triggers.TimeToFlip': 'float|int',
    'Sequence.Items.Value': 'int',
    'Sequence.Name': 'str',
    'Sequence.Status': 'str',
    'Sequence.Triggers': 'list',
    'SequenceState': 'list',
    'SequenceState.Conditions': 'list',
    'SequenceState.GlobalTriggers': 'list',
    'SequenceState.GlobalTriggers.Issues': 'list',
    'SequenceState.GlobalTriggers.Name': 'str',
    'SequenceState.GlobalTriggers.QoS': 'int',
    'SequenceState.GlobalTriggers.Retain': 'bool',
    'SequenceState.GlobalTriggers.Status': 'str',
    'SequenceState.GlobalTriggers.Topic': 'str',
    'SequenceState.Items': 'list',
    'SequenceState.Items.AfterAllTargetsContainer.Attempts': 'int',
    'SequenceState.Items.AfterAllTargetsContainer.Conditions': 'list',
    'SequenceState.Items.AfterAllTargetsContainer.ErrorBehavior': 'int',
    'SequenceState.Items.AfterAllTargetsContainer.EventContainerType': 'int',
    'SequenceState.Items.AfterAllTargetsContainer.IsExpanded': 'bool',
    'SequenceState.Items.AfterAllTargetsContainer.Items': 'list',
    'SequenceState.Items.AfterAllTargetsContainer.Name': 'str',
    'SequenceState.Items.AfterAllTargetsContainer.Strategy': 'dict',
    'SequenceState.Items.AfterAllTargetsContainer.Triggers': 'list',
    'SequenceState.Items.AfterEachExposureContainer.Attempts': 'int',
    'SequenceState.Items.AfterEachExposureContainer.Conditions': 'list',
    'SequenceState.Items.AfterEachExposureContainer.ErrorBehavior': 'int',
    'SequenceState.Items.AfterEachExposureContainer.EventContainerType': 'int',
    'SequenceState.Items.AfterEachExposureContainer.IsExpanded': 'bool',
    'SequenceState.Items.AfterEachExposureContainer.Items': 'list',
    'SequenceState.Items.AfterEachExposureContainer.Name': 'str',
    'SequenceState.Items.AfterEachExposureContainer.Strategy': 'dict',
    'SequenceState.Items.AfterEachExposureContainer.Triggers': 'list',
    'SequenceState.Items.AfterTargetCompleteContainer.Attempts': 'int',
    'SequenceState.Items.AfterTargetCompleteContainer.Conditions': 'list',
    'SequenceState.Items.AfterTargetCompleteContainer.ErrorBehavior': 'int',
    'SequenceState.Items.AfterTargetCompleteContainer.EventContainerType': 'int',
    'SequenceState.Items.AfterTargetCompleteContainer.IsExpanded': 'bool',
    'SequenceState.Items.AfterTargetCompleteContainer.Items': 'list',
    'SequenceState.Items.AfterTargetCompleteContainer.Items.Attempts': 'int',
    'SequenceState.Items.AfterTargetCompleteContainer.Items.Condition.Attempts': 'int',
    'SequenceState.Items.AfterTargetCompleteContainer.Items.Condition.Conditions': 'list',
    'SequenceState.Items.AfterTargetCompleteContainer.Items.Condition.ErrorBehavior': 'int',
    'SequenceState.Items.AfterTargetCompleteContainer.Items.Condition.IsExpanded': 'bool',
    'SequenceState.Items.AfterTargetCompleteContainer.Items.Condition.Items': 'list',
    'SequenceState.Items.AfterTargetCompleteContainer.Items.Condition.Items.Attempts': 'int',
    'SequenceState.Items.AfterTargetCompleteContainer.Items.Condition.Items.EmbedEdgeColor': 'str',
    'SequenceState.Items.AfterTargetCompleteContainer.Items.Condition.Items.EmbedText': 'str',
    'SequenceState.Items.AfterTargetCompleteContainer.Items.Condition.Items.EmbedTitle': 'str',
    'SequenceState.Items.AfterTargetCompleteContainer.Items.Condition.Items.ErrorBehavior': 'int',
    'SequenceState.Items.AfterTargetCompleteContainer.Items.Condition.Items.Message': 'str',
    'SequenceState.Items.AfterTargetCompleteContainer.Items.Condition.Strategy': 'dict',
    'SequenceState.Items.AfterTargetCompleteContainer.Items.Condition.Triggers': 'list',
    'SequenceState.Items.AfterTargetCompleteContainer.Items.ErrorBehavior': 'int',
    'SequenceState.Items.AfterTargetCompleteContainer.Items.Instructions.Attempts': 'int',
    'SequenceState.Items.AfterTargetCompleteContainer.Items.Instructions.Conditions': 'list',
    'SequenceState.Items.AfterTargetCompleteContainer.Items.Instructions.ErrorBehavior': 'int',
    'SequenceState.Items.AfterTargetCompleteContainer.Items.Instructions.IsExpanded': 'bool',
    'SequenceState.Items.AfterTargetCompleteContainer.Items.Instructions.Items': 'list',
    'SequenceState.Items.AfterTargetCompleteContainer.Items.Instructions.Strategy': 'dict',
    'SequenceState.Items.AfterTargetCompleteContainer.Items.Instructions.Triggers': 'list',
    'SequenceState.Items.AfterTargetCompleteContainer.Name': 'str',
    'SequenceState.Items.AfterTargetCompleteContainer.Strategy': 'dict',
    'SequenceState.Items.AfterTargetCompleteContainer.Triggers': 'list',
    'SequenceState.Items.AfterTargetContainer.Attempts': 'int',
    'SequenceState.Items.AfterTargetContainer.Conditions': 'list',
    'SequenceState.Items.AfterTargetContainer.ErrorBehavior': 'int',
    'SequenceState.Items.AfterTargetContainer.EventContainerType': 'int',
    'SequenceState.Items.AfterTargetContainer.IsExpanded': 'bool',
    'SequenceState.Items.AfterTargetContainer.Items': 'list',
    'SequenceState.Items.AfterTargetContainer.Name': 'str',
    'SequenceState.Items.AfterTargetContainer.Strategy': 'dict',
    'SequenceState.Items.AfterTargetContainer.Triggers': 'list',
    'SequenceState.Items.AfterWaitContainer.Attempts': 'int',
    'SequenceState.Items.AfterWaitContainer.Conditions': 'list',
    'SequenceState.Items.AfterWaitContainer.ErrorBehavior': 'int',
    'SequenceState.Items.AfterWaitContainer.EventContainerType': 'int',
    'SequenceState.Items.AfterWaitContainer.IsExpanded': 'bool',
    'SequenceState.Items.AfterWaitContainer.Items': 'list',
    'SequenceState.Items.AfterWaitContainer.Items.Attempts': 'int',
    'SequenceState.Items.AfterWaitContainer.Items.ErrorBehavior': 'int',
    'SequenceState.Items.AfterWaitContainer.Name': 'str',
    'SequenceState.Items.AfterWaitContainer.Strategy': 'dict',
    'SequenceState.Items.AfterWaitContainer.Triggers': 'list',
    'SequenceState.Items.AlwaysRepeatFlatSet': 'bool',
    'SequenceState.Items.BeforeTargetContainer.Attempts': 'int',
    'SequenceState.Items.BeforeTargetContainer.Conditions': 'list',
    'SequenceState.Items.BeforeTargetContainer.ErrorBehavior': 'int',
    'SequenceState.Items.BeforeTargetContainer.EventContainerType': 'int',
    'SequenceState.Items.BeforeTargetContainer.IsExpanded': 'bool',
    'SequenceState.Items.BeforeTargetContainer.Items': 'list',
    'SequenceState.Items.BeforeTargetContainer.Items.Attempts': 'int',
    'SequenceState.Items.BeforeTargetContainer.Items.ErrorBehavior': 'int',
    'SequenceState.Items.BeforeTargetContainer.Name': 'str',
    'SequenceState.Items.BeforeTargetContainer.Strategy': 'dict',
    'SequenceState.Items.BeforeTargetContainer.Triggers': 'list',
    'SequenceState.Items.BeforeWaitContainer.Attempts': 'int',
    'SequenceState.Items.BeforeWaitContainer.Conditions': 'list',
    'SequenceState.Items.BeforeWaitContainer.ErrorBehavior': 'int',
    'SequenceState.Items.BeforeWaitContainer.EventContainerType': 'int',
    'SequenceState.Items.BeforeWaitContainer.IsExpanded': 'bool',
    'SequenceState.Items.BeforeWaitContainer.Items': 'list',
    'SequenceState.Items.BeforeWaitContainer.Items.Attempts': 'int',
    'SequenceState.Items.BeforeWaitContainer.Items.Condition.Attempts': 'int',
    'SequenceState.Items.BeforeWaitContainer.Items.Condition.Conditions': 'list',
    'SequenceState.Items.BeforeWaitContainer.Items.Condition.ErrorBehavior': 'int',
    'SequenceState.Items.BeforeWaitContainer.Items.Condition.IsExpanded': 'bool',
    'SequenceState.Items.BeforeWaitContainer.Items.Condition.Items': 'list',
    'SequenceState.Items.BeforeWaitContainer.Items.Condition.Items.Attempts': 'int',
    'SequenceState.Items.BeforeWaitContainer.Items.Condition.Items.EmbedEdgeColor': 'str',
    'SequenceState.Items.BeforeWaitContainer.Items.Condition.Items.EmbedText': 'str',
    'SequenceState.Items.BeforeWaitContainer.Items.Condition.Items.EmbedTitle': 'str',
    'SequenceState.Items.BeforeWaitContainer.Items.Condition.Items.ErrorBehavior': 'int',
    'SequenceState.Items.BeforeWaitContainer.Items.Condition.Items.Message': 'str',
    'SequenceState.Items.BeforeWaitContainer.Items.Condition.Strategy': 'dict',
    'SequenceState.Items.BeforeWaitContainer.Items.Condition.Triggers': 'list',
    'SequenceState.Items.BeforeWaitContainer.Items.ErrorBehavior': 'int',
    'SequenceState.Items.BeforeWaitContainer.Items.Instructions.Attempts': 'int',
    'SequenceState.Items.BeforeWaitContainer.Items.Instructions.Conditions': 'list',
    'SequenceState.Items.BeforeWaitContainer.Items.Instructions.ErrorBehavior': 'int',
    'SequenceState.Items.BeforeWaitContainer.Items.Instructions.IsExpanded': 'bool',
    'SequenceState.Items.BeforeWaitContainer.Items.Instructions.Items': 'list',
    'SequenceState.Items.BeforeWaitContainer.Items.Instructions.Strategy': 'dict',
    'SequenceState.Items.BeforeWaitContainer.Items.Instructions.Triggers': 'list',
    'SequenceState.Items.BeforeWaitContainer.Items.TrackingMode': 'int',
    'SequenceState.Items.BeforeWaitContainer.Name': 'str',
    'SequenceState.Items.BeforeWaitContainer.Strategy': 'dict',
    'SequenceState.Items.BeforeWaitContainer.Triggers': 'list',
    'SequenceState.Items.CValue': 'null',
    'SequenceState.Items.CValueExpr': 'null',
    'SequenceState.Items.CompletedFlatSets': 'int',
    'SequenceState.Items.CompletedIterations': 'int',
    'SequenceState.Items.Conditions': 'list',
    'SequenceState.Items.Conditions.CheckIsActive': 'bool',
    'SequenceState.Items.Conditions.ConditionWasCompleted': 'bool',
    'SequenceState.Items.Conditions.Hours': 'int',
    'SequenceState.Items.Conditions.Issues': 'list',
    'SequenceState.Items.Conditions.Minutes': 'int',
    'SequenceState.Items.Conditions.MinutesOffset': 'int',
    'SequenceState.Items.Conditions.Name': 'str',
    'SequenceState.Items.Conditions.RolloverTime': 'str',
    'SequenceState.Items.Conditions.Seconds': 'int',
    'SequenceState.Items.Conditions.SelectedMode': 'str',
    'SequenceState.Items.Conditions.SelectedProvider': 'dict',
    'SequenceState.Items.Conditions.Status': 'str',
    'SequenceState.Items.ContainerPaused': 'bool',
    'SequenceState.Items.Definition': 'str',
    'SequenceState.Items.DisplayText': 'str',
    'SequenceState.Items.Duration': 'float',
    'SequenceState.Items.ElseInstructions.Attempts': 'int',
    'SequenceState.Items.ElseInstructions.Conditions': 'list',
    'SequenceState.Items.ElseInstructions.ErrorBehavior': 'int',
    'SequenceState.Items.ElseInstructions.IsExpanded': 'bool',
    'SequenceState.Items.ElseInstructions.Items': 'list',
    'SequenceState.Items.ElseInstructions.Items.Attempts': 'int',
    'SequenceState.Items.ElseInstructions.Items.EmbedEdgeColor': 'str',
    'SequenceState.Items.ElseInstructions.Items.EmbedText': 'str',
    'SequenceState.Items.ElseInstructions.Items.EmbedTitle': 'str',
    'SequenceState.Items.ElseInstructions.Items.ErrorBehavior': 'int',
    'SequenceState.Items.ElseInstructions.Items.Expr.Expression': 'str',
    'SequenceState.Items.ElseInstructions.Items.Expr.Type': 'str',
    'SequenceState.Items.ElseInstructions.Items.Message': 'str',
    'SequenceState.Items.ElseInstructions.Items.Variable': 'str',
    'SequenceState.Items.ElseInstructions.Name': 'str',
    'SequenceState.Items.ElseInstructions.Strategy': 'dict',
    'SequenceState.Items.ElseInstructions.Triggers': 'list',
    'SequenceState.Items.EmbedEdgeColor': 'str',
    'SequenceState.Items.EmbedText': 'str',
    'SequenceState.Items.EmbedTitle': 'str',
    'SequenceState.Items.Executed': 'bool',
    'SequenceState.Items.Expr.Expression': 'str',
    'SequenceState.Items.Expr.Type': 'str',
    'SequenceState.Items.FlatCount': 'int',
    'SequenceState.Items.Hours': 'int',
    'SequenceState.Items.Identifier': 'str',
    'SequenceState.Items.IfExpr.Expression': 'str',
    'SequenceState.Items.IfExpr.Type': 'str',
    'SequenceState.Items.IsGlobalVariable': 'bool',
    'SequenceState.Items.IsReference': 'bool',
    'SequenceState.Items.Issues': 'list',
    'SequenceState.Items.Issues[]': 'str',
    'SequenceState.Items.Iterations': 'int',
    'SequenceState.Items.Message': 'str',
    'SequenceState.Items.Minutes': 'int',
    'SequenceState.Items.MinutesOffset': 'int',
    'SequenceState.Items.Name': 'str',
    'SequenceState.Items.OValueExpr': 'null',
    'SequenceState.Items.OnOff': 'bool',
    'SequenceState.Items.OriginalDefinition': 'str',
    'SequenceState.Items.OriginalExpr.Expression': 'str',
    'SequenceState.Items.OriginalExpr.Type': 'str',
    'SequenceState.Items.PauseEnabled': 'bool',
    'SequenceState.Items.PauseRequested': 'bool',
    'SequenceState.Items.Predicate': 'null',
    'SequenceState.Items.RolloverTime': 'str',
    'SequenceState.Items.SchedulerProgress.CurrentGroup': 'str',
    'SequenceState.Items.SchedulerProgress.CurrentRow.Complete': 'str',
    'SequenceState.Items.SchedulerProgress.CurrentRow.EndTime': 'str',
    'SequenceState.Items.SchedulerProgress.CurrentRow.FilterName': 'str',
    'SequenceState.Items.SchedulerProgress.CurrentRow.Group': 'str',
    'SequenceState.Items.SchedulerProgress.CurrentRow.IsComplete': 'bool',
    'SequenceState.Items.SchedulerProgress.CurrentRow.ItemName': 'str',
    'SequenceState.Items.SchedulerProgress.CurrentRow.StartTime': 'str',
    'SequenceState.Items.SchedulerProgress.ItemsView': 'list',
    'SequenceState.Items.SchedulerProgress.ItemsView.Complete': 'str',
    'SequenceState.Items.SchedulerProgress.ItemsView.EndTime': 'str',
    'SequenceState.Items.SchedulerProgress.ItemsView.FilterName': 'str',
    'SequenceState.Items.SchedulerProgress.ItemsView.Group': 'str',
    'SequenceState.Items.SchedulerProgress.ItemsView.IsComplete': 'bool',
    'SequenceState.Items.SchedulerProgress.ItemsView.ItemName': 'str',
    'SequenceState.Items.SchedulerProgress.ItemsView.StartTime': 'str',
    'SequenceState.Items.SchedulerProgress.ProgressItemList': 'list',
    'SequenceState.Items.SchedulerProgress.ProgressItemList.Complete': 'str',
    'SequenceState.Items.SchedulerProgress.ProgressItemList.EndTime': 'str',
    'SequenceState.Items.SchedulerProgress.ProgressItemList.FilterName': 'str',
    'SequenceState.Items.SchedulerProgress.ProgressItemList.Group': 'str',
    'SequenceState.Items.SchedulerProgress.ProgressItemList.IsComplete': 'bool',
    'SequenceState.Items.SchedulerProgress.ProgressItemList.ItemName': 'str',
    'SequenceState.Items.SchedulerProgress.ProgressItemList.StartTime': 'str',
    'SequenceState.Items.Seconds': 'int',
    'SequenceState.Items.SelectedDevice': 'str',
    'SequenceState.Items.SelectedProvider': 'dict',
    'SequenceState.Items.SelectedSwitch.Description': 'str',
    'SequenceState.Items.SelectedSwitch.EntityId': 'str',
    'SequenceState.Items.SelectedSwitch.Id': 'int',
    'SequenceState.Items.SelectedSwitch.Maximum': 'float',
    'SequenceState.Items.SelectedSwitch.Minimum': 'float',
    'SequenceState.Items.SelectedSwitch.Name': 'str',
    'SequenceState.Items.SelectedSwitch.StepSize': 'float',
    'SequenceState.Items.SelectedSwitch.TargetValue': 'float',
    'SequenceState.Items.SelectedSwitch.Value': 'float',
    'SequenceState.Items.ShowAddTemplate': 'bool',
    'SequenceState.Items.ShowEmbed': 'bool',
    'SequenceState.Items.Status': 'str',
    'SequenceState.Items.SwitchIndex': 'int',
    'SequenceState.Items.Switches': 'list|null',
    'SequenceState.Items.Switches[]': 'str',
    'SequenceState.Items.Target.InputCoordinates.DecDegrees': 'int',
    'SequenceState.Items.Target.InputCoordinates.DecMinutes': 'int',
    'SequenceState.Items.Target.InputCoordinates.DecSeconds': 'float',
    'SequenceState.Items.Target.InputCoordinates.NegativeDec': 'bool',
    'SequenceState.Items.Target.InputCoordinates.RAHours': 'int',
    'SequenceState.Items.Target.InputCoordinates.RAMinutes': 'int',
    'SequenceState.Items.Target.InputCoordinates.RASeconds': 'float',
    'SequenceState.Items.Target.PositionAngle': 'float',
    'SequenceState.Items.Target.TargetName': 'str',
    'SequenceState.Items.TargetName': 'null',
    'SequenceState.Items.Text': 'str',
    'SequenceState.Items.Time': 'float',
    'SequenceState.Items.TotalExposureCount': 'int',
    'SequenceState.Items.TotalFlatSets': 'int',
    'SequenceState.Items.TrackingMode': 'int',
    'SequenceState.Items.Triggers': 'list',
    'SequenceState.Items.Triggers.AfterExposures': 'int',
    'SequenceState.Items.Triggers.Amount': 'float',
    'SequenceState.Items.Triggers.Coordinates.DecDegrees': 'int',
    'SequenceState.Items.Triggers.Coordinates.DecMinutes': 'int',
    'SequenceState.Items.Triggers.Coordinates.DecSeconds': 'float',
    'SequenceState.Items.Triggers.Coordinates.NegativeDec': 'bool',
    'SequenceState.Items.Triggers.Coordinates.RAHours': 'int',
    'SequenceState.Items.Triggers.Coordinates.RAMinutes': 'int',
    'SequenceState.Items.Triggers.Coordinates.RASeconds': 'float',
    'SequenceState.Items.Triggers.DeltaT': 'float',
    'SequenceState.Items.Triggers.DistanceArcMinutes': 'float',
    'SequenceState.Items.Triggers.Inherited': 'bool',
    'SequenceState.Items.Triggers.Issues': 'list',
    'SequenceState.Items.Triggers.Issues[]': 'str',
    'SequenceState.Items.Triggers.MaxMinutesAfterMeridian': 'float',
    'SequenceState.Items.Triggers.MinimumPoints': 'int',
    'SequenceState.Items.Triggers.MinutesAfterMeridian': 'float',
    'SequenceState.Items.Triggers.Mode': 'int',
    'SequenceState.Items.Triggers.Name': 'str',
    'SequenceState.Items.Triggers.PauseTimeBeforeMeridian': 'float',
    'SequenceState.Items.Triggers.RmsInstance': 'null',
    'SequenceState.Items.Triggers.RmsInstance.DataPoints': 'int',
    'SequenceState.Items.Triggers.RmsInstance.Dec': 'float',
    'SequenceState.Items.Triggers.RmsInstance.DecText': 'str',
    'SequenceState.Items.Triggers.RmsInstance.PeakDec': 'float',
    'SequenceState.Items.Triggers.RmsInstance.PeakDecText': 'str',
    'SequenceState.Items.Triggers.RmsInstance.PeakRA': 'float',
    'SequenceState.Items.Triggers.RmsInstance.PeakRAText': 'str',
    'SequenceState.Items.Triggers.RmsInstance.RA': 'float',
    'SequenceState.Items.Triggers.RmsInstance.RAText': 'str',
    'SequenceState.Items.Triggers.RmsInstance.Scale': 'float',
    'SequenceState.Items.Triggers.RmsInstance.Total': 'float',
    'SequenceState.Items.Triggers.RmsInstance.TotalText': 'str',
    'SequenceState.Items.Triggers.RmsThreshold': 'float',
    'SequenceState.Items.Triggers.SampleSize': 'int',
    'SequenceState.Items.Triggers.Saturated': 'bool',
    'SequenceState.Items.Triggers.Status': 'str',
    'SequenceState.Items.Triggers.TimeToMeridianFlip': 'float',
    'SequenceState.Items.Triggers.UploadImage': 'bool',
    'SequenceState.Items.Triggers.UseSideOfPier': 'bool',
    'SequenceState.Items.UnpauseEnabled': 'bool',
    'SequenceState.Items.UnpauseRequested': 'bool',
    'SequenceState.Items.Value': 'float',
    'SequenceState.Items.Variable': 'null|str',
    'SequenceState.Items.WindowService': 'dict',
    'SequenceState.Items.WindowServiceFactory': 'dict',
    'SequenceState.Items.WritableSwitches': 'list',
    'SequenceState.Items.WritableSwitches.Description': 'str',
    'SequenceState.Items.WritableSwitches.EntityId': 'str',
    'SequenceState.Items.WritableSwitches.Id': 'int',
    'SequenceState.Items.WritableSwitches.Maximum': 'float',
    'SequenceState.Items.WritableSwitches.Minimum': 'float',
    'SequenceState.Items.WritableSwitches.Name': 'str',
    'SequenceState.Items.WritableSwitches.StepSize': 'float',
    'SequenceState.Items.WritableSwitches.TargetValue': 'float',
    'SequenceState.Items.WritableSwitches.Value': 'float',
    'SequenceState.Items.isDataSymbol': 'bool',
    'SequenceState.Iterations': 'int',
    'SequenceState.Name': 'str',
    'SequenceState.Status': 'str',
    'SequenceState.Triggers': 'list',
    'Switch.Connected': 'bool',
    'Switch.Description': 'str',
    'Switch.DeviceId': 'str',
    'Switch.DisplayName': 'str',
    'Switch.DriverInfo': 'str',
    'Switch.DriverVersion': 'str',
    'Switch.Name': 'str',
    'Switch.ReadonlySwitches': 'list',
    'Switch.SupportedActions': 'list',
    'Switch.WritableSwitches': 'list',
    'Switch.WritableSwitches.Description': 'str',
    'Switch.WritableSwitches.Id': 'int',
    'Switch.WritableSwitches.Maximum': 'int',
    'Switch.WritableSwitches.Minimum': 'int',
    'Switch.WritableSwitches.Name': 'str',
    'Switch.WritableSwitches.StepSize': 'int',
    'Switch.WritableSwitches.TargetValue': 'int',
    'Switch.WritableSwitches.Value': 'int',
    'Version': 'str',
    'WeatherData.AveragePeriod': 'int|nan',
    'WeatherData.CloudCover': 'int|nan',
    'WeatherData.Connected': 'bool',
    'WeatherData.Description': 'str',
    'WeatherData.DeviceId': 'str',
    'WeatherData.DewPoint': 'float|nan',
    'WeatherData.DisplayName': 'str',
    'WeatherData.DriverInfo': 'str',
    'WeatherData.DriverVersion': 'str',
    'WeatherData.Humidity': 'float|int|nan',
    'WeatherData.Name': 'str',
    'WeatherData.Pressure': 'float|nan',
    'WeatherData.RainRate': 'int|nan',
    'WeatherData.SkyBrightness': 'int|nan',
    'WeatherData.SkyQuality': 'nan',
    'WeatherData.SkyTemperature': 'float|nan',
    'WeatherData.StarFWHM': 'nan',
    'WeatherData.SupportedActions': 'list',
    'WeatherData.Temperature': 'float|nan',
    'WeatherData.WindDirection': 'int|nan',
    'WeatherData.WindGust': 'float|nan',
    'WeatherData.WindSpeed': 'float|nan',
  })
# ---
